E-final home           1440 lenis=T fps=44.0 p95=25.0 drop=0.0% commits=5 loaf=0ms script=287.5 layout=30.6 style=140.7 anims=8 trace={'script': 880.4, 'style': 139.5, 'layout': 33.2, 'layerize': 329.3, 'paint': 115.1, 'raster': 26.9, 'decode': 220.1}
E-final home           1280 lenis=T fps=24.2 p95=49.69 drop=0.0% commits=8 loaf=827ms script=243.5 layout=37.0 style=112.2 anims=8 trace={'script': 706.5, 'style': 109.5, 'layout': 34.6, 'layerize': 215.7, 'paint': 85.8, 'raster': 21.2, 'decode': 230.2}
E-final home           1024 lenis=T fps=22.3 p95=49.6 drop=0.0% commits=8 loaf=1059ms script=235.8 layout=28.8 style=102.6 anims=8 trace={'script': 727.9, 'style': 109.8, 'layout': 36.1, 'layerize': 228.6, 'paint': 110.2, 'raster': 21.0, 'decode': 259.0}
E-final home            430 lenis=F fps=22.3 p95=49.8 drop=0.0% commits=2 loaf=776ms script=241.2 layout=33.4 style=179.3 anims=7 trace={'script': 1000.4, 'style': 198.3, 'layout': 34.9, 'layerize': 328.4, 'paint': 196.6, 'raster': 14.6, 'decode': 274.5}
E-final home            390 lenis=F fps=22.1 p95=49.6 drop=0.0% commits=2 loaf=634ms script=238.1 layout=26.5 style=191.4 anims=7 trace={'script': 897.2, 'style': 221.6, 'layout': 29.4, 'layerize': 463.1, 'paint': 268.4, 'raster': 20.0, 'decode': 274.1}
E-final menu           1440 lenis=T fps=56.5 p95=18.1 drop=0.0% commits=0 loaf=0ms script=66.5 layout=0 style=1.0 anims=0 trace={'script': 184.4, 'style': 1.7, 'layout': 0.0, 'layerize': 31.6, 'paint': 1.6, 'raster': 3.2, 'decode': 0.0}
E-final menu           1280 lenis=T fps=56.7 p95=18.1 drop=0.0% commits=0 loaf=0ms script=54.2 layout=0 style=0.8 anims=0 trace={'script': 149.4, 'style': 1.1, 'layout': 0.0, 'layerize': 28.6, 'paint': 1.4, 'raster': 3.2, 'decode': 0.0}
E-final menu           1024 lenis=T fps=56.6 p95=18.2 drop=0.0% commits=0 loaf=0ms script=64.3 layout=0.5 style=8.1 anims=2 trace={'script': 196.0, 'style': 8.6, 'layout': 0.6, 'layerize': 67.9, 'paint': 27.0, 'raster': 7.0, 'decode': 0.0}
E-final menu            430 lenis=F fps=56.7 p95=18.1 drop=0.0% commits=0 loaf=0ms script=63.0 layout=1.0 style=9.8 anims=2 trace={'script': 169.7, 'style': 12.2, 'layout': 1.4, 'layerize': 108.1, 'paint': 53.9, 'raster': 4.3, 'decode': 0.0}
E-final menu            390 lenis=F fps=57.0 p95=18.1 drop=0.0% commits=0 loaf=0ms script=64.6 layout=1.2 style=12.1 anims=2 trace={'script': 153.2, 'style': 11.2, 'layout': 1.4, 'layerize': 107.2, 'paint': 54.1, 'raster': 4.5, 'decode': 0.0}
E-final product-cake   1440 lenis=T fps=56.8 p95=18.1 drop=0.0% commits=1 loaf=0ms script=65.9 layout=1.6 style=29.4 anims=4 trace={'script': 252.1, 'style': 35.1, 'layout': 1.4, 'layerize': 71.2, 'paint': 45.0, 'raster': 16.6, 'decode': 38.1}
E-final product-cake   1280 lenis=T fps=56.8 p95=18.1 drop=0.0% commits=1 loaf=0ms script=68.5 layout=1.2 style=28.0 anims=4 trace={'script': 213.8, 'style': 33.9, 'layout': 1.3, 'layerize': 69.2, 'paint': 42.3, 'raster': 16.4, 'decode': 76.4}
E-final product-cake   1024 lenis=T fps=56.8 p95=18.1 drop=0.0% commits=1 loaf=0ms script=77.5 layout=1.6 style=31.7 anims=4 trace={'script': 235.2, 'style': 33.3, 'layout': 1.7, 'layerize': 71.2, 'paint': 45.9, 'raster': 15.7, 'decode': 77.0}
E-final product-cake    430 lenis=F fps=56.3 p95=18.1 drop=0.51% commits=1 loaf=0ms script=81.5 layout=4.0 style=53.6 anims=3 trace={'script': 290.7, 'style': 62.3, 'layout': 4.2, 'layerize': 109.9, 'paint': 82.6, 'raster': 7.9, 'decode': 75.4}
E-final product-cake    390 lenis=F fps=56.6 p95=18.1 drop=0.5% commits=1 loaf=0ms script=80.0 layout=4.0 style=51.4 anims=2 trace={'script': 298.5, 'style': 63.8, 'layout': 4.4, 'layerize': 117.1, 'paint': 89.4, 'raster': 7.9, 'decode': 74.2}
E-final product        1440 lenis=T fps=56.6 p95=18.2 drop=0.0% commits=0 loaf=0ms script=36.1 layout=1.0 style=8.8 anims=4 trace={'script': 95.9, 'style': 9.6, 'layout': 1.3, 'layerize': 24.4, 'paint': 12.2, 'raster': 6.3, 'decode': 0.0}
E-final product        1280 lenis=T fps=56.7 p95=18.29 drop=0.0% commits=0 loaf=0ms script=30.8 layout=1.1 style=6.5 anims=4 trace={'script': 94.2, 'style': 9.0, 'layout': 1.0, 'layerize': 24.6, 'paint': 12.5, 'raster': 6.4, 'decode': 0.0}
E-final product        1024 lenis=T fps=56.7 p95=18.1 drop=0.0% commits=0 loaf=0ms script=48.3 layout=1.0 style=10.0 anims=4 trace={'script': 142.4, 'style': 11.5, 'layout': 1.0, 'layerize': 34.5, 'paint': 19.5, 'raster': 8.1, 'decode': 0.0}
E-final product         430 lenis=F fps=57.0 p95=18.1 drop=0.0% commits=0 loaf=0ms script=42.0 layout=1.9 style=13.7 anims=2 trace={'script': 126.8, 'style': 16.8, 'layout': 2.4, 'layerize': 47.9, 'paint': 37.6, 'raster': 3.1, 'decode': 0.0}
E-final product         390 lenis=F fps=56.8 p95=18.1 drop=0.0% commits=0 loaf=0ms script=48.0 layout=2.2 style=17.9 anims=2 trace={'script': 113.7, 'style': 16.3, 'layout': 2.2, 'layerize': 49.8, 'paint': 36.4, 'raster': 3.0, 'decode': 0.0}
E-final story          1440 lenis=T fps=56.6 p95=18.1 drop=0.0% commits=8 loaf=0ms script=339.4 layout=36.0 style=192.0 anims=12 trace={'script': 1094.1, 'style': 208.4, 'layout': 41.2, 'layerize': 490.3, 'paint': 223.8, 'raster': 65.8, 'decode': 137.1}
E-final story          1280 lenis=T fps=56.6 p95=18.1 drop=0.0% commits=8 loaf=0ms script=316.8 layout=35.2 style=185.4 anims=12 trace={'script': 1025.5, 'style': 193.0, 'layout': 39.5, 'layerize': 488.1, 'paint': 233.3, 'raster': 73.5, 'decode': 137.0}
E-final story          1024 lenis=T fps=56.7 p95=18.1 drop=0.0% commits=8 loaf=0ms script=310.8 layout=30.0 style=172.0 anims=12 trace={'script': 1048.7, 'style': 193.6, 'layout': 35.3, 'layerize': 465.6, 'paint': 202.8, 'raster': 60.6, 'decode': 136.6}
E-final story           430 lenis=F fps=56.6 p95=18.4 drop=0.22% commits=8 loaf=0ms script=373.4 layout=59.5 style=290.1 anims=9 trace={'script': 1259.6, 'style': 316.4, 'layout': 65.7, 'layerize': 866.0, 'paint': 447.0, 'raster': 61.9, 'decode': 53.3}
E-final story           390 lenis=F fps=56.4 p95=18.15 drop=0.44% commits=8 loaf=0ms script=383.8 layout=65.9 style=288.2 anims=10 trace={'script': 1289.3, 'style': 321.1, 'layout': 65.2, 'layerize': 893.6, 'paint': 489.8, 'raster': 55.5, 'decode': 57.7}
E-final customize      1440 lenis=T fps=56.7 p95=18.1 drop=0.33% commits=9 loaf=55ms script=255.2 layout=70.9 style=86.4 anims=14 trace={'script': 801.5, 'style': 89.0, 'layout': 78.8, 'layerize': 255.7, 'paint': 167.8, 'raster': 23.7, 'decode': 0.0}
E-final customize      1280 lenis=T fps=56.6 p95=18.1 drop=0.33% commits=9 loaf=0ms script=269.3 layout=70.9 style=84.8 anims=15 trace={'script': 806.0, 'style': 93.2, 'layout': 75.2, 'layerize': 271.7, 'paint': 189.3, 'raster': 23.5, 'decode': 0.0}
E-final customize      1024 lenis=T fps=56.6 p95=18.1 drop=0.24% commits=11 loaf=0ms script=236.8 layout=71.8 style=56.7 anims=15 trace={'script': 670.2, 'style': 64.2, 'layout': 78.0, 'layerize': 208.2, 'paint': 113.4, 'raster': 19.2, 'decode': 0.0}
E-final customize       430 lenis=F fps=55.6 p95=18.1 drop=1.1% commits=11 loaf=339ms script=525.9 layout=154.1 style=145.3 anims=14 trace={'script': 1374.3, 'style': 149.5, 'layout': 158.1, 'layerize': 461.3, 'paint': 336.5, 'raster': 21.5, 'decode': 0.0}
E-final customize       390 lenis=F fps=55.6 p95=18.2 drop=0.91% commits=11 loaf=343ms script=520.0 layout=169.1 style=147.3 anims=9 trace={'script': 1378.1, 'style': 151.3, 'layout': 155.4, 'layerize': 471.7, 'paint': 323.3, 'raster': 22.2, 'decode': 0.0}
E-final cart           1440 lenis=T fps=56.8 p95=18.1 drop=0.0% commits=0 loaf=0ms script=44.4 layout=3.5 style=19.9 anims=5 trace={'script': 151.3, 'style': 23.5, 'layout': 3.2, 'layerize': 32.5, 'paint': 21.7, 'raster': 7.3, 'decode': 0.0}
E-final cart           1280 lenis=T fps=56.8 p95=18.2 drop=0.0% commits=0 loaf=0ms script=49.1 layout=3.1 style=21.6 anims=5 trace={'script': 157.2, 'style': 23.9, 'layout': 3.3, 'layerize': 33.5, 'paint': 18.7, 'raster': 6.4, 'decode': 0.0}
E-final cart           1024 lenis=T fps=56.7 p95=18.1 drop=0.0% commits=0 loaf=0ms script=48.3 layout=3.0 style=18.2 anims=4 trace={'script': 179.9, 'style': 24.4, 'layout': 3.3, 'layerize': 35.2, 'paint': 23.0, 'raster': 6.3, 'decode': 0.0}
E-final cart            430 lenis=F fps=56.9 p95=18.1 drop=0.0% commits=0 loaf=0ms script=57.0 layout=2.2 style=16.5 anims=3 trace={'script': 129.3, 'style': 16.6, 'layout': 2.6, 'layerize': 51.4, 'paint': 32.7, 'raster': 2.0, 'decode': 0.0}
E-final cart            390 lenis=F fps=57.0 p95=18.1 drop=0.0% commits=0 loaf=0ms script=42.5 layout=1.6 style=14.0 anims=3 trace={'script': 138.2, 'style': 17.0, 'layout': 1.6, 'layerize': 50.1, 'paint': 30.8, 'raster': 1.8, 'decode': 0.0}
E-final checkout       1440 lenis=T fps=56.8 p95=18.33 drop=0.0% commits=0 loaf=0ms script=20.4 layout=0.6 style=3.2 anims=0 trace={'script': 66.7, 'style': 2.5, 'layout': 0.4, 'layerize': 10.7, 'paint': 1.6, 'raster': 0.9, 'decode': 0.0}
E-final checkout       1280 lenis=T fps=56.9 p95=18.1 drop=0.0% commits=0 loaf=0ms script=18.7 layout=0.4 style=2.9 anims=0 trace={'script': 74.2, 'style': 2.7, 'layout': 0.3, 'layerize': 11.8, 'paint': 2.5, 'raster': 0.9, 'decode': 0.0}
E-final checkout       1024 lenis=T fps=56.9 p95=18.11 drop=0.0% commits=0 loaf=0ms script=26.5 layout=0 style=0.9 anims=0 trace={'script': 86.7, 'style': 0.9, 'layout': 0.0, 'layerize': 11.6, 'paint': 0.0, 'raster': 0.8, 'decode': 0.0}
E-final checkout        430 lenis=F fps=56.8 p95=18.1 drop=0.0% commits=0 loaf=0ms script=24.7 layout=0 style=0 anims=0 trace={'script': 82.3, 'style': 0.0, 'layout': 0.0, 'layerize': 20.2, 'paint': 0.0, 'raster': 2.2, 'decode': 0.0}
E-final checkout        390 lenis=F fps=56.9 p95=18.1 drop=0.0% commits=0 loaf=0ms script=22.3 layout=0 style=0 anims=0 trace={'script': 83.4, 'style': 0.0, 'layout': 0.0, 'layerize': 22.1, 'paint': 0.0, 'raster': 2.6, 'decode': 0.0}
E-final admin          1440 lenis=F fps=56.9 p95=18.1 drop=0.0% commits=0 loaf=0ms script=8.3 layout=0 style=0 anims=0 trace={'script': 30.7, 'style': 0.0, 'layout': 0.0, 'layerize': 10.7, 'paint': 1.4, 'raster': 2.1, 'decode': 0.0}
E-final admin          1280 lenis=F fps=56.8 p95=18.1 drop=0.0% commits=0 loaf=0ms script=8.7 layout=0 style=0 anims=0 trace={'script': 30.2, 'style': 0.0, 'layout': 0.0, 'layerize': 8.9, 'paint': 1.3, 'raster': 2.3, 'decode': 0.0}
E-final admin          1024 lenis=F fps=57.0 p95=18.1 drop=0.0% commits=0 loaf=0ms script=10.4 layout=0 style=0 anims=0 trace={'script': 38.6, 'style': 0.0, 'layout': 0.0, 'layerize': 12.1, 'paint': 1.0, 'raster': 2.4, 'decode': 0.0}
E-final admin           430 lenis=F fps=56.7 p95=18.1 drop=0.0% commits=0 loaf=0ms script=29.3 layout=0 style=0 anims=0 trace={'script': 92.1, 'style': 0.0, 'layout': 0.0, 'layerize': 28.8, 'paint': 0.0, 'raster': 3.6, 'decode': 0.0}
E-final admin           390 lenis=F fps=56.8 p95=18.1 drop=0.0% commits=0 loaf=0ms script=28.2 layout=0 style=0 anims=0 trace={'script': 103.4, 'style': 0.0, 'layout': 0.0, 'layerize': 29.4, 'paint': 0.0, 'raster': 3.7, 'decode': 0.0}
