A-current home           1440 lenis=T fps=60.0 p95=16.9 drop=0.0% commits=5 loaf=0ms script=532.7 layout=31.2 style=107.0 anims=8 trace={'script': 3446.7, 'style': 129.5, 'layout': 35.3, 'layerize': 397.5, 'paint': 120.2, 'raster': 35.8, 'decode': 212.5}
A-current home           1280 lenis=T fps=60.0 p95=16.9 drop=0.0% commits=8 loaf=0ms script=548.5 layout=35.7 style=113.7 anims=8 trace={'script': 3493.7, 'style': 130.3, 'layout': 40.9, 'layerize': 396.4, 'paint': 125.6, 'raster': 38.0, 'decode': 216.9}
A-current home           1024 lenis=T fps=60.0 p95=16.9 drop=0.0% commits=8 loaf=0ms script=530.3 layout=35.1 style=110.1 anims=8 trace={'script': 3379.7, 'style': 128.9, 'layout': 40.1, 'layerize': 406.7, 'paint': 149.7, 'raster': 36.5, 'decode': 246.9}
A-current home            430 lenis=F fps=59.9 p95=16.9 drop=0.21% commits=2 loaf=71ms script=574.9 layout=24.6 style=143.1 anims=8 trace={'script': 3732.7, 'style': 162.4, 'layout': 31.8, 'layerize': 657.3, 'paint': 247.2, 'raster': 22.4, 'decode': 272.5}
A-current home            390 lenis=F fps=59.9 p95=16.9 drop=0.21% commits=2 loaf=74ms script=546.6 layout=24.6 style=136.9 anims=8 trace={'script': 3771.6, 'style': 160.3, 'layout': 29.5, 'layerize': 667.1, 'paint': 251.5, 'raster': 21.0, 'decode': 213.2}
A-current menu           1440 lenis=T fps=60.0 p95=16.9 drop=0.0% commits=0 loaf=0ms script=64.0 layout=0 style=1.0 anims=0 trace={'script': 188.0, 'style': 1.2, 'layout': 0.0, 'layerize': 30.5, 'paint': 1.2, 'raster': 2.8, 'decode': 0.0}
A-current menu           1280 lenis=T fps=60.0 p95=16.9 drop=0.0% commits=0 loaf=0ms script=61.6 layout=0 style=0.9 anims=0 trace={'script': 194.9, 'style': 1.0, 'layout': 0.0, 'layerize': 33.4, 'paint': 1.2, 'raster': 2.9, 'decode': 0.0}
A-current menu           1024 lenis=T fps=60.0 p95=16.9 drop=0.37% commits=0 loaf=0ms script=79.4 layout=0.6 style=4.5 anims=2 trace={'script': 254.7, 'style': 6.1, 'layout': 0.5, 'layerize': 72.9, 'paint': 23.5, 'raster': 6.4, 'decode': 0.0}
A-current menu            430 lenis=F fps=60.0 p95=16.9 drop=0.0% commits=0 loaf=0ms script=72.6 layout=0.6 style=7.6 anims=2 trace={'script': 209.5, 'style': 8.7, 'layout': 1.2, 'layerize': 118.5, 'paint': 51.1, 'raster': 4.5, 'decode': 0.0}
A-current menu            390 lenis=F fps=60.0 p95=16.9 drop=0.0% commits=0 loaf=0ms script=83.1 layout=0.9 style=6.9 anims=2 trace={'script': 218.7, 'style': 8.1, 'layout': 1.2, 'layerize': 116.7, 'paint': 48.4, 'raster': 5.0, 'decode': 0.0}
A-current product-cake   1440 lenis=T fps=59.4 p95=16.9 drop=0.98% commits=1 loaf=65ms script=95.3 layout=1.8 style=23.5 anims=4 trace={'script': 317.5, 'style': 24.6, 'layout': 2.0, 'layerize': 69.2, 'paint': 40.4, 'raster': 17.5, 'decode': 36.1}
A-current product-cake   1280 lenis=T fps=60.0 p95=16.9 drop=0.0% commits=1 loaf=0ms script=95.2 layout=1.5 style=23.0 anims=4 trace={'script': 323.4, 'style': 25.8, 'layout': 1.4, 'layerize': 68.4, 'paint': 42.1, 'raster': 18.6, 'decode': 72.9}
A-current product-cake   1024 lenis=T fps=60.0 p95=16.9 drop=0.0% commits=1 loaf=0ms script=100.6 layout=1.4 style=24.1 anims=4 trace={'script': 332.1, 'style': 26.7, 'layout': 1.7, 'layerize': 75.3, 'paint': 45.9, 'raster': 16.9, 'decode': 74.8}
A-current product-cake    430 lenis=F fps=59.4 p95=16.9 drop=0.98% commits=1 loaf=0ms script=114.6 layout=2.5 style=44.6 anims=2 trace={'script': 399.7, 'style': 46.5, 'layout': 4.1, 'layerize': 114.6, 'paint': 82.5, 'raster': 8.1, 'decode': 72.8}
A-current product-cake    390 lenis=F fps=60.0 p95=16.9 drop=0.0% commits=1 loaf=0ms script=128.6 layout=3.8 style=42.6 anims=3 trace={'script': 406.2, 'style': 49.0, 'layout': 4.0, 'layerize': 108.6, 'paint': 75.9, 'raster': 8.6, 'decode': 73.2}
A-current product        1440 lenis=T fps=60.0 p95=16.8 drop=0.0% commits=0 loaf=0ms script=37.8 layout=1.2 style=7.2 anims=4 trace={'script': 121.5, 'style': 7.8, 'layout': 1.0, 'layerize': 25.1, 'paint': 10.6, 'raster': 6.4, 'decode': 0.0}
A-current product        1280 lenis=T fps=60.0 p95=16.9 drop=0.0% commits=0 loaf=0ms script=39.8 layout=0.9 style=6.3 anims=4 trace={'script': 126.2, 'style': 7.7, 'layout': 1.2, 'layerize': 24.4, 'paint': 12.5, 'raster': 6.3, 'decode': 0.0}
A-current product        1024 lenis=T fps=60.0 p95=16.9 drop=0.0% commits=0 loaf=0ms script=62.6 layout=1.2 style=8.7 anims=2 trace={'script': 177.3, 'style': 10.0, 'layout': 1.1, 'layerize': 37.5, 'paint': 18.3, 'raster': 7.5, 'decode': 0.0}
A-current product         430 lenis=F fps=60.0 p95=16.9 drop=0.0% commits=0 loaf=0ms script=61.1 layout=2.6 style=11.9 anims=2 trace={'script': 150.1, 'style': 12.5, 'layout': 2.2, 'layerize': 54.0, 'paint': 35.6, 'raster': 3.0, 'decode': 0.0}
A-current product         390 lenis=F fps=60.0 p95=16.9 drop=0.0% commits=0 loaf=0ms script=71.4 layout=2.5 style=13.8 anims=3 trace={'script': 166.9, 'style': 13.4, 'layout': 1.9, 'layerize': 52.8, 'paint': 39.0, 'raster': 3.2, 'decode': 0.0}
A-current story          1440 lenis=T fps=60.0 p95=16.9 drop=0.0% commits=8 loaf=0ms script=752.4 layout=36.8 style=164.6 anims=19 trace={'script': 5901.5, 'style': 192.5, 'layout': 39.2, 'layerize': 497.4, 'paint': 194.8, 'raster': 68.9, 'decode': 135.5}
A-current story          1280 lenis=T fps=60.0 p95=16.9 drop=0.0% commits=8 loaf=0ms script=742.9 layout=35.6 style=166.5 anims=20 trace={'script': 6073.1, 'style': 208.3, 'layout': 42.2, 'layerize': 537.8, 'paint': 222.5, 'raster': 74.8, 'decode': 140.7}
A-current story          1024 lenis=T fps=60.0 p95=16.9 drop=0.0% commits=8 loaf=0ms script=741.9 layout=32.3 style=156.5 anims=19 trace={'script': 6030.2, 'style': 190.7, 'layout': 37.0, 'layerize': 507.2, 'paint': 184.2, 'raster': 64.5, 'decode': 134.2}
A-current story           430 lenis=F fps=59.0 p95=16.9 drop=1.7% commits=8 loaf=0ms script=955.3 layout=59.7 style=277.8 anims=16 trace={'script': 5683.8, 'style': 254.4, 'layout': 51.0, 'layerize': 727.6, 'paint': 357.4, 'raster': 55.7, 'decode': 59.1}
A-current story           390 lenis=F fps=59.1 p95=16.9 drop=1.48% commits=8 loaf=0ms script=984.8 layout=65.7 style=291.0 anims=16 trace={'script': 5527.6, 'style': 251.5, 'layout': 49.6, 'layerize': 724.1, 'paint': 337.0, 'raster': 55.5, 'decode': 63.8}
A-current customize      1440 lenis=T fps=59.7 p95=16.8 drop=0.51% commits=142 loaf=154ms script=325.0 layout=83.1 style=69.7 anims=5 trace={'script': 934.8, 'style': 107.1, 'layout': 99.1, 'layerize': 279.4, 'paint': 188.4, 'raster': 27.1, 'decode': 0.0}
A-current customize      1280 lenis=T fps=59.7 p95=16.8 drop=0.47% commits=140 loaf=108ms script=315.8 layout=76.2 style=88.9 anims=7 trace={'script': 836.3, 'style': 91.1, 'layout': 86.5, 'layerize': 271.3, 'paint': 165.9, 'raster': 23.7, 'decode': 0.0}
A-current customize      1024 lenis=T fps=59.7 p95=16.8 drop=0.46% commits=161 loaf=0ms script=294.5 layout=81.6 style=63.2 anims=10 trace={'script': 766.0, 'style': 70.3, 'layout': 93.6, 'layerize': 229.4, 'paint': 124.9, 'raster': 20.6, 'decode': 0.0}
A-current customize       430 lenis=F fps=58.7 p95=16.8 drop=0.87% commits=161 loaf=357ms script=623.8 layout=168.2 style=144.4 anims=9 trace={'script': 1488.6, 'style': 152.2, 'layout': 177.3, 'layerize': 508.0, 'paint': 325.5, 'raster': 21.5, 'decode': 0.0}
A-current customize       390 lenis=F fps=58.2 p95=16.8 drop=1.03% commits=164 loaf=444ms script=701.4 layout=185.6 style=168.2 anims=14 trace={'script': 1599.4, 'style': 167.2, 'layout': 186.9, 'layerize': 518.9, 'paint': 354.1, 'raster': 23.5, 'decode': 0.0}
A-current cart           1440 lenis=T fps=60.0 p95=16.8 drop=0.0% commits=0 loaf=0ms script=55.8 layout=3.1 style=28.0 anims=5 trace={'script': 141.5, 'style': 20.2, 'layout': 3.2, 'layerize': 29.8, 'paint': 19.1, 'raster': 6.3, 'decode': 0.0}
A-current cart           1280 lenis=T fps=60.0 p95=16.8 drop=0.0% commits=0 loaf=0ms script=43.9 layout=2.7 style=18.3 anims=5 trace={'script': 152.3, 'style': 23.6, 'layout': 3.1, 'layerize': 33.4, 'paint': 19.8, 'raster': 6.4, 'decode': 0.0}
A-current cart           1024 lenis=T fps=60.0 p95=16.8 drop=0.0% commits=0 loaf=0ms script=55.7 layout=3.3 style=21.8 anims=4 trace={'script': 169.9, 'style': 21.1, 'layout': 3.2, 'layerize': 35.2, 'paint': 21.2, 'raster': 6.4, 'decode': 0.0}
A-current cart            430 lenis=F fps=60.0 p95=16.8 drop=0.0% commits=0 loaf=0ms script=57.8 layout=1.6 style=15.3 anims=3 trace={'script': 129.8, 'style': 14.7, 'layout': 1.8, 'layerize': 45.3, 'paint': 28.4, 'raster': 1.9, 'decode': 0.0}
A-current cart            390 lenis=F fps=60.0 p95=16.8 drop=0.0% commits=0 loaf=0ms script=57.6 layout=1.6 style=16.6 anims=3 trace={'script': 153.3, 'style': 18.6, 'layout': 1.8, 'layerize': 55.0, 'paint': 39.7, 'raster': 2.0, 'decode': 0.0}
A-current checkout       1440 lenis=T fps=60.0 p95=16.8 drop=0.0% commits=0 loaf=0ms script=22.1 layout=0.4 style=2.7 anims=0 trace={'script': 72.9, 'style': 2.7, 'layout': 0.4, 'layerize': 11.7, 'paint': 2.5, 'raster': 1.0, 'decode': 0.0}
A-current checkout       1280 lenis=T fps=60.0 p95=16.8 drop=0.0% commits=0 loaf=0ms script=23.6 layout=0.4 style=2.8 anims=0 trace={'script': 75.4, 'style': 2.7, 'layout': 0.4, 'layerize': 12.2, 'paint': 2.7, 'raster': 0.9, 'decode': 0.0}
A-current checkout       1024 lenis=T fps=60.0 p95=16.8 drop=0.0% commits=0 loaf=0ms script=27.3 layout=0 style=1.0 anims=0 trace={'script': 99.8, 'style': 1.0, 'layout': 0.0, 'layerize': 12.1, 'paint': 0.0, 'raster': 0.7, 'decode': 0.0}
A-current checkout        430 lenis=F fps=60.0 p95=16.8 drop=0.0% commits=0 loaf=0ms script=28.7 layout=0 style=0 anims=0 trace={'script': 85.4, 'style': 0.0, 'layout': 0.0, 'layerize': 20.6, 'paint': 0.0, 'raster': 2.7, 'decode': 0.0}
A-current checkout        390 lenis=F fps=60.0 p95=16.8 drop=0.0% commits=0 loaf=0ms script=34.2 layout=0 style=0 anims=0 trace={'script': 111.6, 'style': 0.0, 'layout': 0.0, 'layerize': 23.9, 'paint': 0.0, 'raster': 2.3, 'decode': 0.0}
A-current admin          1440 lenis=F fps=60.0 p95=16.8 drop=0.0% commits=0 loaf=0ms script=9.8 layout=0 style=0 anims=0 trace={'script': 40.0, 'style': 0.0, 'layout': 0.0, 'layerize': 11.9, 'paint': 1.5, 'raster': 2.2, 'decode': 0.0}
A-current admin          1280 lenis=F fps=59.6 p95=16.8 drop=0.67% commits=0 loaf=0ms script=10.4 layout=0 style=0 anims=0 trace={'script': 39.1, 'style': 0.0, 'layout': 0.0, 'layerize': 12.2, 'paint': 1.6, 'raster': 2.4, 'decode': 0.0}
A-current admin          1024 lenis=F fps=60.0 p95=16.8 drop=0.0% commits=0 loaf=0ms script=15.3 layout=0 style=0 anims=0 trace={'script': 44.7, 'style': 0.0, 'layout': 0.0, 'layerize': 14.4, 'paint': 1.2, 'raster': 2.9, 'decode': 0.0}
A-current admin           430 lenis=F fps=60.0 p95=16.8 drop=0.0% commits=0 loaf=0ms script=34.0 layout=0 style=0 anims=0 trace={'script': 121.5, 'style': 0.0, 'layout': 0.0, 'layerize': 35.8, 'paint': 0.0, 'raster': 4.1, 'decode': 0.0}
A-current admin           390 lenis=F fps=60.0 p95=16.8 drop=0.0% commits=0 loaf=0ms script=31.0 layout=0 style=0 anims=0 trace={'script': 123.5, 'style': 0.0, 'layout': 0.0, 'layerize': 32.6, 'paint': 0.0, 'raster': 4.1, 'decode': 0.0}
