home           1440 0.00 y=     0   0.000%
home           1440 0.04 y=   666   0.000%
home           1440 0.09 y=  1498   0.000%
home           1440 0.15 y=  2497   0.000%
home           1440 0.22 y=  3662   0.000%
home           1440 0.30 y=  4994   0.000%
home           1440 0.38 y=  6326   0.000%
home           1440 0.46 y=  7658   0.000%
home           1440 0.55 y=  9156   0.000%
home           1440 0.64 y= 10654   0.000%
home           1440 0.73 y= 12152   0.000%
home           1440 0.82 y= 13651   0.000%
home           1440 0.91 y= 15149   0.000%
home           1440 1.00 y= 16647   0.000%
home            390 0.00 y=     0   0.000%
home            390 0.04 y=   721   0.000%
home            390 0.09 y=  1622   0.000%
home            390 0.15 y=  2703   0.000%
home            390 0.22 y=  3964   0.000%
home            390 0.30 y=  5406   0.000%
home            390 0.38 y=  6848   0.000%
home            390 0.46 y=  8289   0.000%
home            390 0.55 y=  9911   0.000%
home            390 0.64 y= 11533   0.000%
home            390 0.73 y= 13155   0.000%
home            390 0.82 y= 14776   0.000%
home            390 0.91 y= 16398   0.000%
home            390 1.00 y= 18020   0.000%
story          1440 0.00 y=     0   0.000%
story          1440 0.04 y=   474   0.000%
story          1440 0.09 y=  1067   0.000%
story          1440 0.15 y=  1778   0.000%
story          1440 0.22 y=  2608   0.000%
story          1440 0.30 y=  3556   0.000%
story          1440 0.38 y=  4505   0.000%
story          1440 0.46 y=  5453   0.000%
story          1440 0.55 y=  6520   0.000%
story          1440 0.64 y=  7587   0.000%
story          1440 0.73 y=  8654   0.000%
story          1440 0.82 y=  9721   0.000%
story          1440 0.91 y= 10788   0.000%
story          1440 1.00 y= 11855   0.000%
story           390 0.00 y=     0   0.000%
story           390 0.04 y=   514   0.000%
story           390 0.09 y=  1156   0.000%
story           390 0.15 y=  1928   0.000%
story           390 0.22 y=  2827   0.000%
story           390 0.30 y=  3855   0.000%
story           390 0.38 y=  4883   0.000%
story           390 0.46 y=  5911   0.000%
story           390 0.55 y=  7068   0.000%
story           390 0.64 y=  8224   0.000%
story           390 0.73 y=  9380   0.000%
story           390 0.82 y= 10537   0.000%
story           390 0.91 y= 11694   0.000%
story           390 1.00 y= 12850   0.000%
product-cake   1440 0.00 y=     0   0.000%
product-cake   1440 0.04 y=   117   0.000%
product-cake   1440 0.09 y=   263   0.000%
product-cake   1440 0.15 y=   439   0.000%
product-cake   1440 0.22 y=   643   0.000%
product-cake   1440 0.30 y=   877   0.000%
product-cake   1440 0.38 y=  1111   0.000%
product-cake   1440 0.46 y=  1345   0.000%
product-cake   1440 0.55 y=  1608   0.000%
product-cake   1440 0.64 y=  1871   0.000%
product-cake   1440 0.73 y=  2135   0.000%
product-cake   1440 0.82 y=  2398   0.000%
product-cake   1440 0.91 y=  2661   0.000%
product-cake   1440 1.00 y=  2924   0.000%
product-cake    390 0.00 y=     0   0.000%
product-cake    390 0.04 y=   156   0.000%
product-cake    390 0.09 y=   352   0.000%
product-cake    390 0.15 y=   586   0.000%
product-cake    390 0.22 y=   860   0.000%
product-cake    390 0.30 y=  1173   0.000%
product-cake    390 0.38 y=  1485   0.000%
product-cake    390 0.46 y=  1798   0.000%
product-cake    390 0.55 y=  2150   0.000%
product-cake    390 0.64 y=  2502   0.000%
product-cake    390 0.73 y=  2854   0.000%
product-cake    390 0.82 y=  3205   0.000%
product-cake    390 0.91 y=  3557   0.000%
product-cake    390 1.00 y=  3909   0.000%
{'frames': 84, 'identical': 84, 'under0.3pct': 84, 'maxChangedPct': np.float64(0.0)}
