home           1440 0.00 y=     0   0.000%
home           1440 0.04 y=  1238   0.000%
home           1440 0.09 y=  2785   0.000%
home           1440 0.15 y=  4641   0.000%
home           1440 0.22 y=  6807   0.000%
home           1440 0.30 y=  9282   0.000%
home           1440 0.38 y= 11757   0.000%
home           1440 0.46 y= 14232   0.000%
home           1440 0.55 y= 17017   0.000%
home           1440 0.64 y= 19802   0.000%
home           1440 0.73 y= 22586   0.000%
home           1440 0.82 y= 25371   0.000%
home           1440 0.91 y= 28155   0.000%
home           1440 1.00 y= 30940   0.000%
home            390 0.00 y=     0   0.000%
home            390 0.04 y=   998   0.000%
home            390 0.09 y=  2245   0.000%
home            390 0.15 y=  3741   0.000%
home            390 0.22 y=  5487   0.000%
home            390 0.30 y=  7482   0.000%
home            390 0.38 y=  9478   0.000%
home            390 0.46 y= 11473   0.000%
home            390 0.55 y= 13718   0.000%
home            390 0.64 y= 15962   0.000%
home            390 0.73 y= 18207   0.000%
home            390 0.82 y= 20452   0.000%
home            390 0.91 y= 22696   0.000%
home            390 1.00 y= 24941   0.000%
story          1440 0.00 y=     0   0.000%
story          1440 0.04 y=   628   0.000%
story          1440 0.09 y=  1413   0.000%
story          1440 0.15 y=  2355   0.179%
story          1440 0.22 y=  3455   2.276%  <-- story-1440-022.png
story          1440 0.30 y=  4711   1.497%  <-- story-1440-030.png
story          1440 0.38 y=  5967   0.000%
story          1440 0.46 y=  7223   0.000%
story          1440 0.55 y=  8637   0.000%
story          1440 0.64 y= 10050   0.000%
story          1440 0.73 y= 11463   0.000%
story          1440 0.82 y= 12876   0.000%
story          1440 0.91 y= 14290   0.000%
story          1440 1.00 y= 15703   0.000%
story           390 0.00 y=     0   0.000%
story           390 0.04 y=   648   0.000%
story           390 0.09 y=  1457   0.000%
story           390 0.15 y=  2429  16.195%  <-- story-390-015.png
story           390 0.22 y=  3562  28.139%  <-- story-390-022.png
story           390 0.30 y=  4857   0.000%
story           390 0.38 y=  6153   0.000%
story           390 0.46 y=  7448   0.000%
story           390 0.55 y=  8905   0.000%
story           390 0.64 y= 10362   0.000%
story           390 0.73 y= 11819   0.000%
story           390 0.82 y= 13277   0.000%
story           390 0.91 y= 14734   0.000%
story           390 1.00 y= 16191   0.000%
product-cake   1440 0.00 y=     0   0.000%
product-cake   1440 0.04 y=   117   0.000%
product-cake   1440 0.09 y=   263   0.000%
product-cake   1440 0.15 y=   439   0.000%
product-cake   1440 0.22 y=   643   0.000%
product-cake   1440 0.30 y=   877   0.000%
product-cake   1440 0.38 y=  1111   0.000%
product-cake   1440 0.46 y=  1345   0.000%
product-cake   1440 0.55 y=  1608   0.000%
product-cake   1440 0.64 y=  1871   0.000%
product-cake   1440 0.73 y=  2135   0.000%
product-cake   1440 0.82 y=  2398   0.000%
product-cake   1440 0.91 y=  2661   0.000%
product-cake   1440 1.00 y=  2924   0.000%
product-cake    390 0.00 y=     0   0.000%
product-cake    390 0.04 y=   156   0.000%
product-cake    390 0.09 y=   352   0.000%
product-cake    390 0.15 y=   586   0.000%
product-cake    390 0.22 y=   860   0.000%
product-cake    390 0.30 y=  1173   0.000%
product-cake    390 0.38 y=  1485   0.000%
product-cake    390 0.46 y=  1798   0.000%
product-cake    390 0.55 y=  2150   0.000%
product-cake    390 0.64 y=  2502   0.000%
product-cake    390 0.73 y=  2854   0.000%
product-cake    390 0.82 y=  3205   0.000%
product-cake    390 0.91 y=  3557   0.000%
product-cake    390 1.00 y=  3909   0.000%
menu           1440 0.00 y=     0   0.000%
menu           1440 0.50 y=  1812   0.000%
menu           1440 1.00 y=  3624   0.000%
menu            390 0.00 y=     0   0.000%
menu            390 0.50 y=  3072   0.000%
menu            390 1.00 y=  6144   0.000%
customize      1440 0.00 y=     0   0.000%
customize      1440 0.50 y=   498   0.000%
customize      1440 1.00 y=   996   0.000%
customize       390 0.00 y=     0   0.000%
customize       390 0.50 y=  1152   0.000%
customize       390 1.00 y=  2305   0.000%
cart           1440 0.00 y=     0   0.036%
cart           1440 0.50 y=   260   0.020%
cart           1440 1.00 y=   521   0.000%
cart            390 0.00 y=     0   0.142%
cart            390 0.50 y=   636   0.000%
cart            390 1.00 y=  1273   0.000%
{'frames': 102, 'identical': 94, 'under0.3pct': 98, 'maxChangedPct': np.float64(28.139)}
